hom table to n=512: 46.9s
n=   2 log2 e=       1.000 excess=    +0.750 mode=   0 mode/n=0.00000 mean/n=0.25000 sd=0.500 win=  1 (0.0s)
n=   3 log2 e=       2.000 excess=    +1.438 mode=   1 mode/n=0.33333 mean/n=0.25000 sd=0.433 win=  1 (0.0s)
n=   4 log2 e=       3.807 excess=    +2.807 mode=   1 mode/n=0.25000 mean/n=0.30357 sd=0.558 win=  1 (0.0s)
n=   5 log2 e=       5.524 excess=    +3.961 mode=   1 mode/n=0.20000 mean/n=0.28261 sd=0.535 win=  1 (0.0s)
n=   6 log2 e=       8.082 excess=    +5.832 mode=   2 mode/n=0.33333 mean/n=0.30443 sd=0.610 win=  2 (0.0s)
n=   7 log2 e=      10.363 excess=    +7.301 mode=   2 mode/n=0.28571 mean/n=0.28322 sd=0.581 win=  2 (0.0s)
n=   8 log2 e=      13.579 excess=    +9.579 mode=   2 mode/n=0.25000 mean/n=0.29468 sd=0.642 win=  2 (0.0s)
n=   9 log2 e=      16.309 excess=   +11.247 mode=   2 mode/n=0.22222 mean/n=0.27504 sd=0.626 win=  2 (0.0s)
n=  10 log2 e=      20.100 excess=   +13.850 mode=   3 mode/n=0.30000 mean/n=0.28403 sd=0.680 win=  2 (0.0s)
n=  11 log2 e=      23.193 excess=   +15.630 mode=   3 mode/n=0.27273 mean/n=0.26698 sd=0.667 win=  2 (0.0s)
n=  12 log2 e=      27.515 excess=   +18.515 mode=   3 mode/n=0.25000 mean/n=0.27524 sd=0.710 win=  3 (0.0s)
n=  13 log2 e=      30.914 excess=   +20.351 mode=   3 mode/n=0.23077 mean/n=0.26018 sd=0.698 win=  3 (0.0s)
n=  14 log2 e=      35.739 excess=   +23.489 mode=   4 mode/n=0.28571 mean/n=0.26826 sd=0.738 win=  3 (0.0s)
n=  15 log2 e=      39.400 excess=   +25.337 mode=   4 mode/n=0.26667 mean/n=0.25477 sd=0.727 win=  3 (0.0s)
n=  16 log2 e=      44.715 excess=   +28.715 mode=   4 mode/n=0.25000 mean/n=0.26295 sd=0.762 win=  4 (0.0s)
n=  17 log2 e=      48.603 excess=   +30.540 mode=   4 mode/n=0.23529 mean/n=0.25071 sd=0.752 win=  4 (0.0s)
n=  18 log2 e=      54.401 excess=   +34.151 mode=   5 mode/n=0.27778 mean/n=0.25904 sd=0.782 win=  3 (0.0s)
n=  19 log2 e=      58.489 excess=   +35.927 mode=   5 mode/n=0.26316 mean/n=0.24780 sd=0.773 win=  3 (0.0s)
n=  20 log2 e=      64.773 excess=   +39.773 mode=   5 mode/n=0.25000 mean/n=0.25622 sd=0.798 win=  4 (0.0s)
n=  21 log2 e=      69.039 excess=   +41.477 mode=   5 mode/n=0.23810 mean/n=0.24578 sd=0.791 win=  4 (0.0s)
n=  22 log2 e=      75.812 excess=   +45.562 mode=   6 mode/n=0.27273 mean/n=0.25421 sd=0.812 win=  4 (0.0s)
n=  23 log2 e=      80.237 excess=   +47.174 mode=   6 mode/n=0.26087 mean/n=0.24445 sd=0.805 win=  4 (0.0s)
n=  24 log2 e=      87.504 excess=   +51.504 mode=   6 mode/n=0.25000 mean/n=0.25281 sd=0.822 win=  4 (0.0s)
n=  25 log2 e=      92.072 excess=   +53.010 mode=   6 mode/n=0.24000 mean/n=0.24364 sd=0.816 win=  4 (0.0s)
n=  26 log2 e=      99.841 excess=   +57.591 mode=   7 mode/n=0.26923 mean/n=0.25184 sd=0.830 win=  4 (0.0s)
n=  27 log2 e=     104.538 excess=   +58.975 mode=   7 mode/n=0.25926 mean/n=0.24320 sd=0.825 win=  4 (0.0s)
n=  28 log2 e=     112.814 excess=   +63.814 mode=   7 mode/n=0.25000 mean/n=0.25119 sd=0.836 win=  4 (0.0s)
n=  29 log2 e=     117.628 excess=   +65.066 mode=   7 mode/n=0.24138 mean/n=0.24302 sd=0.832 win=  4 (0.0s)
n=  30 log2 e=     126.416 excess=   +70.166 mode=   8 mode/n=0.26667 mean/n=0.25076 sd=0.840 win=  4 (0.0s)
n=  31 log2 e=     131.338 excess=   +71.275 mode=   8 mode/n=0.25806 mean/n=0.24302 sd=0.837 win=  4 (0.0s)
n=  32 log2 e=     140.643 excess=   +76.643 mode=   8 mode/n=0.25000 mean/n=0.25047 sd=0.843 win=  4 (0.0s)
n=  33 log2 e=     145.663 excess=   +77.600 mode=   8 mode/n=0.24242 mean/n=0.24313 sd=0.841 win=  4 (0.0s)
n=  34 log2 e=     155.487 excess=   +83.237 mode=   9 mode/n=0.26471 mean/n=0.25029 sd=0.845 win=  4 (0.0s)
n=  35 log2 e=     160.598 excess=   +84.036 mode=   9 mode/n=0.25714 mean/n=0.24331 sd=0.843 win=  4 (0.0s)
n=  36 log2 e=     170.945 excess=   +89.945 mode=   9 mode/n=0.25000 mean/n=0.25017 sd=0.847 win=  4 (0.0s)
n=  37 log2 e=     176.141 excess=   +90.578 mode=   9 mode/n=0.24324 mean/n=0.24353 sd=0.845 win=  4 (0.0s)
n=  38 log2 e=     187.011 excess=   +96.761 mode=  10 mode/n=0.26316 mean/n=0.25010 sd=0.848 win=  4 (0.0s)
n=  39 log2 e=     192.286 excess=   +97.224 mode=  10 mode/n=0.25641 mean/n=0.24377 sd=0.847 win=  4 (0.0s)
n=  40 log2 e=     203.681 excess=  +103.681 mode=  10 mode/n=0.25000 mean/n=0.25005 sd=0.848 win=  4 (0.0s)
n=  41 log2 e=     209.031 excess=  +103.969 mode=  10 mode/n=0.24390 mean/n=0.24401 sd=0.848 win=  4 (0.0s)
n=  42 log2 e=     220.950 excess=  +110.700 mode=  11 mode/n=0.26190 mean/n=0.25002 sd=0.849 win=  4 (0.0s)
n=  43 log2 e=     226.371 excess=  +110.809 mode=  11 mode/n=0.25581 mean/n=0.24425 sd=0.848 win=  4 (0.0s)
n=  44 log2 e=     238.815 excess=  +117.815 mode=  11 mode/n=0.25000 mean/n=0.25001 sd=0.849 win=  4 (0.0s)
n=  45 log2 e=     244.303 excess=  +117.741 mode=  11 mode/n=0.24444 mean/n=0.24448 sd=0.849 win=  4 (0.0s)
n=  46 log2 e=     257.272 excess=  +125.022 mode=  11 mode/n=0.23913 mean/n=0.25000 sd=0.849 win=  4 (0.0s)
n=  47 log2 e=     262.824 excess=  +124.761 mode=  12 mode/n=0.25532 mean/n=0.24470 sd=0.849 win=  4 (0.0s)
n=  48 log2 e=     276.316 excess=  +132.316 mode=  12 mode/n=0.25000 mean/n=0.24999 sd=0.849 win=  4 (0.0s)
n=  49 log2 e=     281.929 excess=  +131.867 mode=  12 mode/n=0.24490 mean/n=0.24491 sd=0.849 win=  4 (0.0s)
n=  50 log2 e=     295.946 excess=  +139.696 mode=  12 mode/n=0.24000 mean/n=0.24999 sd=0.849 win=  4 (0.0s)
n=  51 log2 e=     301.617 excess=  +139.054 mode=  13 mode/n=0.25490 mean/n=0.24510 sd=0.849 win=  4 (0.0s)
n=  52 log2 e=     316.156 excess=  +147.156 mode=  13 mode/n=0.25000 mean/n=0.24999 sd=0.849 win=  4 (0.0s)
n=  53 log2 e=     321.883 excess=  +146.321 mode=  13 mode/n=0.24528 mean/n=0.24528 sd=0.849 win=  4 (0.0s)
n=  54 log2 e=     336.946 excess=  +154.696 mode=  13 mode/n=0.24074 mean/n=0.24999 sd=0.849 win=  4 (0.0s)
n=  55 log2 e=     342.726 excess=  +153.664 mode=  13 mode/n=0.23636 mean/n=0.24545 sd=0.849 win=  4 (0.0s)
n=  56 log2 e=     358.311 excess=  +162.311 mode=  14 mode/n=0.25000 mean/n=0.24999 sd=0.849 win=  4 (0.0s)
n=  57 log2 e=     364.143 excess=  +161.080 mode=  14 mode/n=0.24561 mean/n=0.24561 sd=0.849 win=  4 (0.0s)
n=  58 log2 e=     380.249 excess=  +169.999 mode=  14 mode/n=0.24138 mean/n=0.24999 sd=0.849 win=  4 (0.0s)
n=  59 log2 e=     386.131 excess=  +168.569 mode=  14 mode/n=0.23729 mean/n=0.24576 sd=0.849 win=  4 (0.0s)
n=  60 log2 e=     402.758 excess=  +177.758 mode=  15 mode/n=0.25000 mean/n=0.25000 sd=0.849 win=  4 (0.0s)
n=  61 log2 e=     408.688 excess=  +176.126 mode=  15 mode/n=0.24590 mean/n=0.24590 sd=0.849 win=  4 (0.0s)
n=  62 log2 e=     425.835 excess=  +185.585 mode=  15 mode/n=0.24194 mean/n=0.25000 sd=0.849 win=  4 (0.0s)
n=  63 log2 e=     431.812 excess=  +183.750 mode=  15 mode/n=0.23810 mean/n=0.24603 sd=0.849 win=  4 (0.0s)
n=  64 log2 e=     449.479 excess=  +193.479 mode=  16 mode/n=0.25000 mean/n=0.25000 sd=0.849 win=  4 (0.0s)
n=  72 log2 e=     549.678 excess=  +225.678 mode=  18 mode/n=0.25000 mean/n=0.25000 sd=0.849 win=  4 (0.0s)
n=  80 log2 e=     658.796 excess=  +258.796 mode=  20 mode/n=0.25000 mean/n=0.25000 sd=0.849 win=  4 (0.0s)
n=  88 log2 e=     776.742 excess=  +292.742 mode=  22 mode/n=0.25000 mean/n=0.25000 sd=0.849 win=  4 (0.0s)
n=  96 log2 e=     903.442 excess=  +327.442 mode=  24 mode/n=0.25000 mean/n=0.25000 sd=0.849 win=  4 (0.08s)
n= 104 log2 e=    1038.836 excess=  +362.836 mode=  26 mode/n=0.25000 mean/n=0.25000 sd=0.849 win=  4 (0.0s)
n= 112 log2 e=    1182.869 excess=  +398.869 mode=  28 mode/n=0.25000 mean/n=0.25000 sd=0.849 win=  4 (0.02s)
n= 120 log2 e=    1335.498 excess=  +435.498 mode=  30 mode/n=0.25000 mean/n=0.25000 sd=0.849 win=  4 (0.01s)
n= 128 log2 e=    1496.683 excess=  +472.683 mode=  32 mode/n=0.25000 mean/n=0.25000 sd=0.849 win=  4 (0.02s)
n= 136 log2 e=    1666.390 excess=  +510.390 mode=  34 mode/n=0.25000 mean/n=0.25000 sd=0.849 win=  4 (0.06s)
n= 144 log2 e=    1844.590 excess=  +548.590 mode=  36 mode/n=0.25000 mean/n=0.25000 sd=0.849 win=  4 (0.04s)
n= 152 log2 e=    2031.254 excess=  +587.254 mode=  38 mode/n=0.25000 mean/n=0.25000 sd=0.849 win=  4 (0.06s)
n= 160 log2 e=    2226.359 excess=  +626.359 mode=  40 mode/n=0.25000 mean/n=0.25000 sd=0.849 win=  4 (0.05s)
n= 168 log2 e=    2429.883 excess=  +665.883 mode=  42 mode/n=0.25000 mean/n=0.25000 sd=0.849 win=  4 (0.13s)
n= 176 log2 e=    2641.807 excess=  +705.807 mode=  44 mode/n=0.25000 mean/n=0.25000 sd=0.849 win=  4 (0.09s)
n= 184 log2 e=    2862.112 excess=  +746.112 mode=  46 mode/n=0.25000 mean/n=0.25000 sd=0.849 win=  4 (0.1s)
n= 192 log2 e=    3090.783 excess=  +786.783 mode=  48 mode/n=0.25000 mean/n=0.25000 sd=0.849 win=  4 (0.14s)
n= 200 log2 e=    3327.803 excess=  +827.803 mode=  50 mode/n=0.25000 mean/n=0.25000 sd=0.849 win=  4 (0.16s)
n= 208 log2 e=    3573.161 excess=  +869.161 mode=  52 mode/n=0.25000 mean/n=0.25000 sd=0.849 win=  4 (0.2s)
n= 216 log2 e=    3826.842 excess=  +910.842 mode=  54 mode/n=0.25000 mean/n=0.25000 sd=0.849 win=  4 (0.24s)
n= 224 log2 e=    4088.835 excess=  +952.835 mode=  56 mode/n=0.25000 mean/n=0.25000 sd=0.849 win=  4 (0.31s)
n= 232 log2 e=    4359.128 excess=  +995.128 mode=  58 mode/n=0.25000 mean/n=0.25000 sd=0.849 win=  4 (0.35s)
n= 240 log2 e=    4637.712 excess= +1037.712 mode=  60 mode/n=0.25000 mean/n=0.25000 sd=0.849 win=  4 (0.43s)
n= 248 log2 e=    4924.578 excess= +1080.578 mode=  62 mode/n=0.25000 mean/n=0.25000 sd=0.849 win=  4 (0.42s)
n= 256 log2 e=    5219.715 excess= +1123.715 mode=  64 mode/n=0.25000 mean/n=0.25000 sd=0.849 win=  4 (0.51s)
n= 264 log2 e=    5523.116 excess= +1167.116 mode=  66 mode/n=0.25000 mean/n=0.25000 sd=0.849 win=  4 (0.63s)
n= 272 log2 e=    5834.773 excess= +1210.773 mode=  68 mode/n=0.25000 mean/n=0.25000 sd=0.849 win=  4 (0.67s)
n= 280 log2 e=    6154.679 excess= +1254.679 mode=  70 mode/n=0.25000 mean/n=0.25000 sd=0.849 win=  4 (0.68s)
n= 288 log2 e=    6482.825 excess= +1298.825 mode=  72 mode/n=0.25000 mean/n=0.25000 sd=0.849 win=  4 (0.78s)
n= 296 log2 e=    6819.207 excess= +1343.207 mode=  74 mode/n=0.25000 mean/n=0.25000 sd=0.849 win=  4 (0.93s)
n= 304 log2 e=    7163.816 excess= +1387.816 mode=  76 mode/n=0.25000 mean/n=0.25000 sd=0.849 win=  4 (0.94s)
n= 312 log2 e=    7516.649 excess= +1432.649 mode=  78 mode/n=0.25000 mean/n=0.25000 sd=0.849 win=  4 (1.08s)
n= 320 log2 e=    7877.698 excess= +1477.698 mode=  80 mode/n=0.25000 mean/n=0.25000 sd=0.849 win=  4 (1.24s)
n= 328 log2 e=    8246.959 excess= +1522.959 mode=  82 mode/n=0.25000 mean/n=0.25000 sd=0.849 win=  4 (1.37s)
n= 336 log2 e=    8624.426 excess= +1568.426 mode=  84 mode/n=0.25000 mean/n=0.25000 sd=0.849 win=  4 (2.02s)
n= 344 log2 e=    9010.095 excess= +1614.095 mode=  86 mode/n=0.25000 mean/n=0.25000 sd=0.849 win=  4 (3.07s)
n= 352 log2 e=    9403.960 excess= +1659.960 mode=  88 mode/n=0.25000 mean/n=0.25000 sd=0.849 win=  4 (2.58s)
n= 360 log2 e=    9806.019 excess= +1706.019 mode=  90 mode/n=0.25000 mean/n=0.25000 sd=0.849 win=  4 (2.63s)
n= 368 log2 e=   10216.265 excess= +1752.265 mode=  92 mode/n=0.25000 mean/n=0.25000 sd=0.849 win=  4 (2.82s)
n= 376 log2 e=   10634.696 excess= +1798.696 mode=  94 mode/n=0.25000 mean/n=0.25000 sd=0.849 win=  4 (3.13s)
n= 384 log2 e=   11061.307 excess= +1845.307 mode=  96 mode/n=0.25000 mean/n=0.25000 sd=0.849 win=  4 (3.38s)
n= 392 log2 e=   11496.094 excess= +1892.094 mode=  98 mode/n=0.25000 mean/n=0.25000 sd=0.849 win=  4 (4.02s)
n= 400 log2 e=   11939.055 excess= +1939.055 mode= 100 mode/n=0.25000 mean/n=0.25000 sd=0.849 win=  4 (4.41s)
n= 408 log2 e=   12390.185 excess= +1986.185 mode= 102 mode/n=0.25000 mean/n=0.25000 sd=0.849 win=  4 (4.4s)
n= 416 log2 e=   12849.482 excess= +2033.482 mode= 104 mode/n=0.25000 mean/n=0.25000 sd=0.849 win=  4 (5.32s)
n= 424 log2 e=   13316.941 excess= +2080.941 mode= 106 mode/n=0.25000 mean/n=0.25000 sd=0.849 win=  4 (5.82s)
n= 432 log2 e=   13792.561 excess= +2128.561 mode= 108 mode/n=0.25000 mean/n=0.25000 sd=0.849 win=  4 (5.85s)
n= 440 log2 e=   14276.338 excess= +2176.338 mode= 110 mode/n=0.25000 mean/n=0.25000 sd=0.849 win=  4 (7.5s)
n= 448 log2 e=   14768.269 excess= +2224.269 mode= 112 mode/n=0.25000 mean/n=0.25000 sd=0.849 win=  4 (8.06s)
n= 456 log2 e=   15268.352 excess= +2272.352 mode= 114 mode/n=0.25000 mean/n=0.25000 sd=0.849 win=  4 (8.09s)
n= 464 log2 e=   15776.584 excess= +2320.584 mode= 116 mode/n=0.25000 mean/n=0.25000 sd=0.849 win=  4 (8.9s)
n= 472 log2 e=   16292.963 excess= +2368.963 mode= 118 mode/n=0.25000 mean/n=0.25000 sd=0.849 win=  4 (10.71s)
n= 480 log2 e=   16817.485 excess= +2417.485 mode= 120 mode/n=0.25000 mean/n=0.25000 sd=0.849 win=  4 (11.6s)
n= 488 log2 e=   17350.149 excess= +2466.149 mode= 122 mode/n=0.25000 mean/n=0.25000 sd=0.849 win=  4 (12.2s)
n= 496 log2 e=   17890.952 excess= +2514.952 mode= 124 mode/n=0.25000 mean/n=0.25000 sd=0.849 win=  4 (13.41s)
n= 504 log2 e=   18439.893 excess= +2563.893 mode= 126 mode/n=0.25000 mean/n=0.25000 sd=0.849 win=  4 (14.9s)
n= 512 log2 e=   18996.968 excess= +2612.968 mode= 128 mode/n=0.25000 mean/n=0.25000 sd=0.849 win=  4 (13.95s)

fits of  log2 e(n) - n^2/16  ~  A n log2 n + B n + C
  n in [32,512]  A=0.71993 B=-1.3850 C=+4.091 maxres=4.1873
  n in [64,512]  A=0.72988 B=-1.4819 C=+8.310 maxres=0.2604
  n in [128,512]  A=0.73194 B=-1.5021 C=+9.223 maxres=0.0860
  n in [256,512]  A=0.73419 B=-1.5246 C=+10.402 maxres=0.0114

Galois numbers: log2 G_r - r^2/4
  r=   64 (even)  +2.882049965
  r=  128 (even)  +2.882049965
  r=  256 (even)  +2.882049965
  r=  512 (even)  +2.882049965
  r=   63 (odd )  +2.882046185
  r=  127 (odd )  +2.882046186
  r=  255 (odd )  +2.882046186
  r=  511 (odd )  +2.882046186

total 217.9s
